---
source: src/tests.rs
expression: parsed
---
Atomic(
    FofDefinedAtomicTerm(
        FofDefinedPlainTerm(
            DefinedConstant(
                DefinedFunctor(
                    AtomicDefinedWord(
                        DollarWord(
                            LowerWord(
                                "defined_term",
                            ),
                        ),
                    ),
                ),
            ),
        ),
    ),
)
