---
source: src/tests.rs
expression: parsed
---
Apply(
    ThfApplyType(
        ThfApplyFormula(
            [
                Unitary(
                    Atomic(
                        Plain(
                            Constant(
                                Constant(
                                    Functor(
                                        Lower(
                                            LowerWord(
                                                "c",
                                            ),
                                        ),
                                    ),
                                ),
                            ),
                        ),
                    ),
                ),
                Unitary(
                    Atomic(
                        Plain(
                            Constant(
                                Constant(
                                    Functor(
                                        Lower(
                                            LowerWord(
                                                "d",
                                            ),
                                        ),
                                    ),
                                ),
                            ),
                        ),
                    ),
                ),
            ],
        ),
    ),
)
