---
source: src/tests.rs
expression: parsed
---
Unitary(
    Atomic(
        Plain(
            Constant(
                Constant(
                    Functor(
                        Lower(
                            LowerWord(
                                "c",
                            ),
                        ),
                    ),
                ),
            ),
        ),
    ),
)
