---
source: src/tests.rs
expression: parsed
---
Binary(
    Assoc(
        Or(
            FofOrFormula(
                [
                    Unitary(
                        Atomic(
                            Plain(
                                FofPlainAtomicFormula(
                                    Constant(
                                        Functor(
                                            Lower(
                                                LowerWord(
                                                    "p",
                                                ),
                                            ),
                                        ),
                                    ),
                                ),
                            ),
                        ),
                    ),
                    Unitary(
                        Atomic(
                            Plain(
                                FofPlainAtomicFormula(
                                    Constant(
                                        Functor(
                                            Lower(
                                                LowerWord(
                                                    "q",
                                                ),
                                            ),
                                        ),
                                    ),
                                ),
                            ),
                        ),
                    ),
                    Unitary(
                        Atomic(
                            Plain(
                                FofPlainAtomicFormula(
                                    Constant(
                                        Functor(
                                            Lower(
                                                LowerWord(
                                                    "r",
                                                ),
                                            ),
                                        ),
                                    ),
                                ),
                            ),
                        ),
                    ),
                ],
            ),
        ),
    ),
)
