---
source: src/tests.rs
expression: parsed
---
Constant(
    SystemConstant(
        SystemFunctor(
            AtomicSystemWord(
                DollarDollarWord(
                    LowerWord(
                        "c",
                    ),
                ),
            ),
        ),
    ),
)
