---
source: src/tests.rs
expression: parsed
---
Data(
    Formula(
        Fof(
            FofFormula(
                Unitary(
                    Atomic(
                        Plain(
                            FofPlainAtomicFormula(
                                Constant(
                                    Functor(
                                        Lower(
                                            LowerWord(
                                                "p",
                                            ),
                                        ),
                                    ),
                                ),
                            ),
                        ),
                    ),
                ),
            ),
        ),
    ),
)
