---
source: src/tests.rs
expression: parsed
---
Assoc(
    Or,
    [
        Proposition(
            LowerWord(
                "p",
            ),
        ),
        Proposition(
            LowerWord(
                "q",
            ),
        ),
        Proposition(
            LowerWord(
                "r",
            ),
        ),
    ],
)
