---
source: src/tests.rs
expression: parsed
---
Binary(
    Nonassoc(
        FofBinaryNonassoc {
            left: Unitary(
                Atomic(
                    Plain(
                        FofPlainAtomicFormula(
                            Constant(
                                Functor(
                                    Lower(
                                        LowerWord(
                                            "p",
                                        ),
                                    ),
                                ),
                            ),
                        ),
                    ),
                ),
            ),
            op: LRImplies,
            right: Unitary(
                Atomic(
                    Plain(
                        FofPlainAtomicFormula(
                            Constant(
                                Functor(
                                    Lower(
                                        LowerWord(
                                            "q",
                                        ),
                                    ),
                                ),
                            ),
                        ),
                    ),
                ),
            ),
        },
    ),
)
