---
source: src/tests.rs
expression: parsed
---
Parenthesised(
    Unitary(
        Atomic(
            Plain(
                Constant(
                    Constant(
                        Functor(
                            Lower(
                                LowerWord(
                                    "p",
                                ),
                            ),
                        ),
                    ),
                ),
            ),
        ),
    ),
)
