---
source: src/tests.rs
expression: parsed
---
NegatedAtomic(
    Plain(
        FofPlainAtomicFormula(
            Constant(
                Functor(
                    Lower(
                        LowerWord(
                            "p",
                        ),
                    ),
                ),
            ),
        ),
    ),
)
