---
source: src/tests.rs
expression: parsed
---
FofFormula(
    Unary(
        Unary(
            UnaryConnective,
            Unary(
                Unary(
                    UnaryConnective,
                    Unitary(
                        Atomic(
                            Plain(
                                FofPlainAtomicFormula(
                                    Constant(
                                        Functor(
                                            Lower(
                                                LowerWord(
                                                    "p",
                                                ),
                                            ),
                                        ),
                                    ),
                                ),
                            ),
                        ),
                    ),
                ),
            ),
        ),
    ),
)
