---
source: src/tests.rs
expression: parsed
---
Unitary(
    ThfUnitaryType(
        Atomic(
            Plain(
                Constant(
                    Constant(
                        Functor(
                            Lower(
                                LowerWord(
                                    "c",
                                ),
                            ),
                        ),
                    ),
                ),
            ),
        ),
    ),
)
