---
source: src/tests.rs
expression: parsed
---
Infix(
    Equal,
    Functor(
        LowerWord(
            "f",
        ),
        [
            Variable(
                Variable(
                    "X",
                ),
            ),
        ],
    ),
    Variable(
        Variable(
            "Y",
        ),
    ),
)
