---
source: src/tests.rs
expression: parsed
---
[
    Literal(
        Proposition(
            LowerWord(
                "p",
            ),
        ),
    ),
    NegatedLiteral(
        Proposition(
            LowerWord(
                "q",
            ),
        ),
    ),
    Literal(
        Proposition(
            LowerWord(
                "r",
            ),
        ),
    ),
]
