---
source: src/tests.rs
expression: parsed
---
FofDefinedAtomicTerm(
    FofDefinedPlainTerm(
        DefinedConstant(
            DefinedFunctor(
                AtomicDefinedWord(
                    DollarWord(
                        LowerWord(
                            "defined_atomic_term",
                        ),
                    ),
                ),
            ),
        ),
    ),
)
