---
created: "2019-06-11T12:13:10.550419123Z"
creator: insta@0.8.1
source: src/tests.rs
expression: parsed
---
[
    Literal(
        Predicate(
            LowerWord(
                "p"
            ),
            []
        )
    ),
    NegatedLiteral(
        Predicate(
            LowerWord(
                "q"
            ),
            []
        )
    ),
    Literal(
        Predicate(
            LowerWord(
                "r"
            ),
            []
        )
    )
]
