---
source: src/tests.rs
expression: parsed
---
ThfOrFormula(
    [
        Unitary(
            Atomic(
                Plain(
                    Constant(
                        Constant(
                            Functor(
                                Lower(
                                    LowerWord(
                                        "c",
                                    ),
                                ),
                            ),
                        ),
                    ),
                ),
            ),
        ),
        Unitary(
            Atomic(
                Plain(
                    Constant(
                        Constant(
                            Functor(
                                Lower(
                                    LowerWord(
                                        "d",
                                    ),
                                ),
                            ),
                        ),
                    ),
                ),
            ),
        ),
    ],
)
