---
source: src/tests.rs
expression: parsed
---
FofArguments(
    [
        Function(
            Plain(
                Constant(
                    Functor(
                        Lower(
                            LowerWord(
                                "c",
                            ),
                        ),
                    ),
                ),
            ),
        ),
    ],
)
