---
source: src/tests.rs
expression: parsed
---
NegatedAtomic(
    Plain(
        FofPlainAtomicFormula(
            Constant(
                Constant(
                    Functor(
                        Lower(
                            LowerWord(
                                "p",
                            ),
                        ),
                    ),
                ),
            ),
        ),
    ),
)
