---
created: "2019-07-19T14:49:24.723473118Z"
creator: insta@0.8.1
source: src/tests.rs
expression: parsed
---
Assoc(
    Or,
    [
        Proposition(
            LowerWord(
                "p"
            )
        ),
        Proposition(
            LowerWord(
                "q"
            )
        ),
        Proposition(
            LowerWord(
                "r"
            )
        )
    ]
)
