---
source: src/top.rs
expression: parsed
---
Colon(
    Variable(
        Variable(
            UpperWord(
                "X",
            ),
        ),
    ),
    Data(
        Variable(
            Variable(
                UpperWord(
                    "Y",
                ),
            ),
        ),
    ),
)
