---
source: src/fof.rs
expression: parsed
---
Function(
    DefinedFunctor(
        AtomicDefinedWord(
            DollarWord(
                LowerWord(
                    "f",
                ),
            ),
        ),
    ),
    Arguments(
        [
            Variable(
                Variable(
                    UpperWord(
                        "X",
                    ),
                ),
            ),
        ],
    ),
)
