---
source: src/tests.rs
expression: parsed
---
Plain(
    PlainAtomicFormula(
        Function(
            Functor(
                Lower(
                    LowerWord(
                        "p",
                    ),
                ),
            ),
            Arguments(
                [
                    Variable(
                        Variable(
                            UpperWord(
                                "X",
                            ),
                        ),
                    ),
                ],
            ),
        ),
    ),
)
