---
source: src/tests.rs
expression: parsed
---
FofFormula(
    Binary(
        Assoc(
            Or(
                FofOrFormula(
                    [
                        Unitary(
                            Atomic(
                                Defined(
                                    Plain(
                                        FofDefinedPlainFormula(
                                            FofDefinedPlainTerm(
                                                DefinedConstant(
                                                    DefinedFunctor(
                                                        AtomicDefinedWord(
                                                            DollarWord(
                                                                LowerWord(
                                                                    "true",
                                                                ),
                                                            ),
                                                        ),
                                                    ),
                                                ),
                                            ),
                                        ),
                                    ),
                                ),
                            ),
                        ),
                        Unitary(
                            Atomic(
                                Defined(
                                    Plain(
                                        FofDefinedPlainFormula(
                                            FofDefinedPlainTerm(
                                                DefinedConstant(
                                                    DefinedFunctor(
                                                        AtomicDefinedWord(
                                                            DollarWord(
                                                                LowerWord(
                                                                    "false",
                                                                ),
                                                            ),
                                                        ),
                                                    ),
                                                ),
                                            ),
                                        ),
                                    ),
                                ),
                            ),
                        ),
                    ],
                ),
            ),
        ),
    ),
)
