---
source: src/tfx.rs
expression: parsed
---
Parenthesised(
    Mapping(
        MappingType {
            domain: Atomic(
                Variable(
                    Variable(
                        UpperWord(
                            "A",
                        ),
                    ),
                ),
            ),
            range: Variable(
                Variable(
                    UpperWord(
                        "A",
                    ),
                ),
            ),
        },
    ),
)
