---
source: src/tests.rs
expression: parsed

---
Atomic(
    Defined(
        Infix(
            DefinedInfixFormula {
                left: Function(
                    Plain(
                        Function(
                            Functor(
                                Lower(
                                    LowerWord(
                                        "f",
                                    ),
                                ),
                            ),
                            Arguments(
                                [
                                    Variable(
                                        Variable(
                                            UpperWord(
                                                "X",
                                            ),
                                        ),
                                    ),
                                ],
                            ),
                        ),
                    ),
                ),
                op: DefinedInfixPred(
                    InfixEquality,
                ),
                right: Function(
                    Plain(
                        Constant(
                            Constant(
                                Functor(
                                    Lower(
                                        LowerWord(
                                            "c",
                                        ),
                                    ),
                                ),
                            ),
                        ),
                    ),
                ),
            },
        ),
    ),
)
