---
source: src/top.rs
expression: parsed
---
Tfx(
    Logic(
        Unitary(
            Atomic(
                Plain(
                    Constant(
                        Constant(
                            Functor(
                                Lower(
                                    LowerWord(
                                        "p",
                                    ),
                                ),
                            ),
                        ),
                    ),
                ),
            ),
        ),
    ),
)
