---
source: src/tests.rs
expression: parsed

---
BinaryNonassoc {
    left: Unitary(
        Atomic(
            Plain(
                PlainAtomicFormula(
                    Constant(
                        Constant(
                            Functor(
                                Lower(
                                    LowerWord(
                                        "p",
                                    ),
                                ),
                            ),
                        ),
                    ),
                ),
            ),
        ),
    ),
    op: LRImplies,
    right: Unitary(
        Atomic(
            Plain(
                PlainAtomicFormula(
                    Constant(
                        Constant(
                            Functor(
                                Lower(
                                    LowerWord(
                                        "q",
                                    ),
                                ),
                            ),
                        ),
                    ),
                ),
            ),
        ),
    ),
}
