---
source: src/top.rs
expression: parsed
---
FormulaSelection(
    Some(
        NameList(
            [
                AtomicWord(
                    Lower(
                        LowerWord(
                            "name",
                        ),
                    ),
                ),
            ],
        ),
    ),
)
