---
source: src/tests.rs
assertion_line: 30
expression: parsed

---
System(
    SystemConstant(
        SystemFunctor(
            AtomicSystemWord(
                DollarDollarWord(
                    LowerWord(
                        "system_constant",
                    ),
                ),
            ),
        ),
    ),
)
