---
source: src/tfx.rs
expression: parsed
---
Quantified(
    QuantifiedType {
        bound: VariableList(
            [
                Untyped(
                    Variable(
                        UpperWord(
                            "A",
                        ),
                    ),
                ),
            ],
        ),
        typ: Atomic(
            Variable(
                Variable(
                    UpperWord(
                        "A",
                    ),
                ),
            ),
        ),
    },
)
