---
source: src/tests.rs
expression: parsed
---
FofSystemAtomicFormula(
    Constant(
        SystemConstant(
            SystemFunctor(
                AtomicSystemWord(
                    DollarDollarWord(
                        LowerWord(
                            "system",
                        ),
                    ),
                ),
            ),
        ),
    ),
)
