---
source: src/tests.rs
expression: parsed
---
Plain(
    DefinedPlainFormula(
        Constant(
            DefinedConstant(
                DefinedFunctor(
                    AtomicDefinedWord(
                        DollarWord(
                            LowerWord(
                                "false",
                            ),
                        ),
                    ),
                ),
            ),
        ),
    ),
)
