---
source: src/tfx.rs
expression: parsed
---
Arguments(
    [
        Logic(
            Unitary(
                Atomic(
                    Defined(
                        DefinedAtomic(
                            Constant(
                                DefinedConstant(
                                    DefinedFunctor(
                                        AtomicDefinedWord(
                                            DollarWord(
                                                LowerWord(
                                                    "true",
                                                ),
                                            ),
                                        ),
                                    ),
                                ),
                            ),
                        ),
                    ),
                ),
            ),
        ),
        Logic(
            Unitary(
                Atomic(
                    Defined(
                        DefinedAtomic(
                            Constant(
                                DefinedConstant(
                                    DefinedFunctor(
                                        AtomicDefinedWord(
                                            DollarWord(
                                                LowerWord(
                                                    "true",
                                                ),
                                            ),
                                        ),
                                    ),
                                ),
                            ),
                        ),
                    ),
                ),
            ),
        ),
    ],
)
