---
source: src/tests.rs
expression: parsed
---
Binary(
    Assoc(
        And(
            FofAndFormula(
                [
                    Unitary(
                        Atomic(
                            Plain(
                                FofPlainAtomicFormula(
                                    Constant(
                                        Constant(
                                            Functor(
                                                Lower(
                                                    LowerWord(
                                                        "p",
                                                    ),
                                                ),
                                            ),
                                        ),
                                    ),
                                ),
                            ),
                        ),
                    ),
                    Unitary(
                        Atomic(
                            Plain(
                                FofPlainAtomicFormula(
                                    Constant(
                                        Constant(
                                            Functor(
                                                Lower(
                                                    LowerWord(
                                                        "q",
                                                    ),
                                                ),
                                            ),
                                        ),
                                    ),
                                ),
                            ),
                        ),
                    ),
                ],
            ),
        ),
    ),
)
