---
source: src/tests.rs
expression: parsed

---
Unary(
    UnaryConnective,
    Unitary(
        Atomic(
            Defined(
                Plain(
                    DefinedPlainFormula(
                        Constant(
                            DefinedConstant(
                                DefinedFunctor(
                                    AtomicDefinedWord(
                                        DollarWord(
                                            LowerWord(
                                                "true",
                                            ),
                                        ),
                                    ),
                                ),
                            ),
                        ),
                    ),
                ),
            ),
        ),
    ),
)
