---
source: src/tests.rs
expression: parsed

---
Function(
    Functor(
        Lower(
            LowerWord(
                "f",
            ),
        ),
    ),
    Arguments(
        [
            Variable(
                Variable(
                    UpperWord(
                        "X",
                    ),
                ),
            ),
        ],
    ),
)
