---
source: src/fof.rs
expression: parsed
---
Unitary(
    Atomic(
        Plain(
            PlainAtomicFormula(
                Constant(
                    Constant(
                        Functor(
                            Lower(
                                LowerWord(
                                    "p",
                                ),
                            ),
                        ),
                    ),
                ),
            ),
        ),
    ),
)
