---
source: src/top.rs
expression: parsed
---
Fot(
    Function(
        Plain(
            Constant(
                Constant(
                    Functor(
                        Lower(
                            LowerWord(
                                "t",
                            ),
                        ),
                    ),
                ),
            ),
        ),
    ),
)
