---
source: src/tfx.rs
expression: parsed
---
DefinedAtomic(
    Constant(
        DefinedConstant(
            DefinedFunctor(
                AtomicDefinedWord(
                    DollarWord(
                        LowerWord(
                            "defined",
                        ),
                    ),
                ),
            ),
        ),
    ),
)
