---
source: src/top.rs
expression: parsed
---
Function(
    GeneralFunction {
        word: Lower(
            LowerWord(
                "atomic",
            ),
        ),
        terms: GeneralTerms(
            [
                Data(
                    Variable(
                        Variable(
                            UpperWord(
                                "X",
                            ),
                        ),
                    ),
                ),
            ],
        ),
    },
)
