---
source: src/tests.rs
expression: parsed
---
DefinedAtomicTerm(
    Constant(
        DefinedConstant(
            DefinedFunctor(
                AtomicDefinedWord(
                    DollarWord(
                        LowerWord(
                            "defined_atomic_term",
                        ),
                    ),
                ),
            ),
        ),
    ),
)
