---
source: src/top.rs
expression: parsed
---
Annotations(
    Some(
        (
            Source(
                Data(
                    Atomic(
                        Lower(
                            LowerWord(
                                "c",
                            ),
                        ),
                    ),
                ),
            ),
            OptionalInfo(
                None,
            ),
        ),
    ),
)
