---
source: src/tests.rs
expression: parsed

---
Defined(
    Plain(
        DefinedPlainFormula(
            Constant(
                DefinedConstant(
                    DefinedFunctor(
                        AtomicDefinedWord(
                            DollarWord(
                                LowerWord(
                                    "true",
                                ),
                            ),
                        ),
                    ),
                ),
            ),
        ),
    ),
)
