---
source: src/fof.rs
expression: parsed
---
Defined(
    Atomic(
        DefinedAtomicTerm(
            Constant(
                DefinedConstant(
                    DefinedFunctor(
                        AtomicDefinedWord(
                            DollarWord(
                                LowerWord(
                                    "defined",
                                ),
                            ),
                        ),
                    ),
                ),
            ),
        ),
    ),
)
