---
source: src/tests.rs
expression: parsed

---
Unitary(
    Parenthesised(
        Unitary(
            Atomic(
                Defined(
                    Plain(
                        DefinedPlainFormula(
                            Constant(
                                DefinedConstant(
                                    DefinedFunctor(
                                        AtomicDefinedWord(
                                            DollarWord(
                                                LowerWord(
                                                    "true",
                                                ),
                                            ),
                                        ),
                                    ),
                                ),
                            ),
                        ),
                    ),
                ),
            ),
        ),
    ),
)
