---
source: src/tfx.rs
expression: parsed
---
MappingType {
    domain: Atomic(
        Variable(
            Variable(
                UpperWord(
                    "A",
                ),
            ),
        ),
    ),
    range: Variable(
        Variable(
            UpperWord(
                "B",
            ),
        ),
    ),
}
