---
source: src/tests.rs
expression: parsed
---
Disjunction(
    [
        Atomic(
            Plain(
                PlainAtomicFormula(
                    Constant(
                        Constant(
                            Functor(
                                Lower(
                                    LowerWord(
                                        "p",
                                    ),
                                ),
                            ),
                        ),
                    ),
                ),
            ),
        ),
        NegatedAtomic(
            Plain(
                PlainAtomicFormula(
                    Constant(
                        Constant(
                            Functor(
                                Lower(
                                    LowerWord(
                                        "q",
                                    ),
                                ),
                            ),
                        ),
                    ),
                ),
            ),
        ),
        Atomic(
            Plain(
                PlainAtomicFormula(
                    Constant(
                        Constant(
                            Functor(
                                Lower(
                                    LowerWord(
                                        "r",
                                    ),
                                ),
                            ),
                        ),
                    ),
                ),
            ),
        ),
    ],
)
