---
source: src/tests.rs
expression: parsed
---
Plain(
    DefinedPlainFormula(
        DefinedPlainTerm(
            DefinedConstant(
                DefinedFunctor(
                    AtomicDefinedWord(
                        DollarWord(
                            LowerWord(
                                "true",
                            ),
                        ),
                    ),
                ),
            ),
        ),
    ),
)
