---
source: src/tests.rs
assertion_line: 30
expression: parsed

---
DefinedAtomic(
    Constant(
        DefinedConstant(
            DefinedFunctor(
                AtomicDefinedWord(
                    DollarWord(
                        LowerWord(
                            "defined",
                        ),
                    ),
                ),
            ),
        ),
    ),
)
