---
source: src/tests.rs
expression: parsed
---
DefinedPlainFormula(
    DefinedPlainTerm(
        DefinedConstant(
            DefinedFunctor(
                AtomicDefinedWord(
                    DollarWord(
                        LowerWord(
                            "defined_plain_formula",
                        ),
                    ),
                ),
            ),
        ),
    ),
)
