---
source: src/tests.rs
expression: parsed
---
Unary(
    Unary(
        UnaryConnective,
        Unitary(
            Atomic(
                Defined(
                    Plain(
                        DefinedPlainFormula(
                            DefinedPlainTerm(
                                DefinedConstant(
                                    DefinedFunctor(
                                        AtomicDefinedWord(
                                            DollarWord(
                                                LowerWord(
                                                    "true",
                                                ),
                                            ),
                                        ),
                                    ),
                                ),
                            ),
                        ),
                    ),
                ),
            ),
        ),
    ),
)
