---
source: src/tfx.rs
expression: parsed
---
Atomic(
    Plain(
        Constant(
            Constant(
                Functor(
                    Lower(
                        LowerWord(
                            "p",
                        ),
                    ),
                ),
            ),
        ),
    ),
)
