---
source: src/tests.rs
expression: parsed
---
System(
    SystemConstant(
        SystemFunctor(
            AtomicSystemWord(
                DollarDollarWord(
                    LowerWord(
                        "system_constant",
                    ),
                ),
            ),
        ),
    ),
)
