---
source: src/tests.rs
assertion_line: 30
expression: parsed

---
QuantifiedType {
    bound: VariableList(
        [
            Typed(
                TypedVariable {
                    variable: Variable(
                        UpperWord(
                            "A",
                        ),
                    ),
                    typ: Defined(
                        DefinedType(
                            AtomicDefinedWord(
                                DollarWord(
                                    LowerWord(
                                        "tType",
                                    ),
                                ),
                            ),
                        ),
                    ),
                },
            ),
            Untyped(
                Variable(
                    UpperWord(
                        "B",
                    ),
                ),
            ),
        ],
    ),
    typ: Atomic(
        Variable(
            Variable(
                UpperWord(
                    "A",
                ),
            ),
        ),
    ),
}
