---
source: src/tfx.rs
expression: parsed
---
Mapping(
    MappingType {
        domain: Atomic(
            Variable(
                Variable(
                    UpperWord(
                        "A",
                    ),
                ),
            ),
        ),
        range: Variable(
            Variable(
                UpperWord(
                    "A",
                ),
            ),
        ),
    },
)
