---
source: src/tests.rs
expression: parsed
---
Defined(
    Infix(
        FofDefinedInfixFormula {
            left: Function(
                Plain(
                    Function(
                        Functor(
                            Lower(
                                LowerWord(
                                    "f",
                                ),
                            ),
                        ),
                        FofArguments(
                            [
                                Variable(
                                    Variable(
                                        UpperWord(
                                            "X",
                                        ),
                                    ),
                                ),
                            ],
                        ),
                    ),
                ),
            ),
            op: DefinedInfixPred(
                InfixEquality,
            ),
            right: Variable(
                Variable(
                    UpperWord(
                        "Y",
                    ),
                ),
            ),
        },
    ),
)
