---
source: src/cnf.rs
expression: parsed
---
Disjunction(
    Disjunction(
        [
            Atomic(
                Plain(
                    PlainAtomicFormula(
                        Constant(
                            Constant(
                                Functor(
                                    Lower(
                                        LowerWord(
                                            "p",
                                        ),
                                    ),
                                ),
                            ),
                        ),
                    ),
                ),
            ),
        ],
    ),
)
